SSD1331.c:107:13:ssd1331_write_byte	16	static
SSD1331.c:125:6:ssd1331_draw_point	16	static
SSD1331.c:145:6:ssd1331_draw_line	56	static
SSD1331.c:171:6:ssd1331_draw_v_line	32	static
SSD1331.c:184:6:ssd1331_draw_h_line	32	static
SSD1331.c:197:6:ssd1331_draw_rect	24	static
SSD1331.c:209:6:ssd1331_fill_rect	32	static
SSD1331.c:224:6:ssd1331_draw_circle	40	static
SSD1331.c:255:6:ssd1331_display_char	32	static
SSD1331.c:286:17:_pow	24	static
SSD1331.c:295:6:ssd1331_display_num	40	static
SSD1331.c:328:6:ssd1331_display_string	32	static
SSD1331.c:351:6:ssd1331_draw_1616char	32	static
SSD1331.c:373:6:ssd1331_draw_3216char	32	static
SSD1331.c:395:6:ssd1331_draw_bitmap	24	static
SSD1331.c:408:6:ssd1331_clear_screen	24	static
SSD1331.c:420:6:ssd1331_init	8	static
